// Jest Snapshot v1, https://goo.gl/fbAQLP

exports[`Todo Application matches a former snapshot 1`] = `
<section
  className="todo-app"
>
  <header>
    Apollo Todos
  </header>
  <section
    className="add-todo"
  >
    <header>
      Add A Todo
    </header>
    <form>
      <label>
        <span>
          Title
        </span>
        <input
          name="title"
        />
      </label>
      <label>
        <span>
          Description
        </span>
        <input
          name="description"
        />
      </label>
      <button
        onClick={[Function]}
        type="submit"
      >
        Add Todo
      </button>
    </form>
  </section>
  <div>
    Loading...
  </div>
</section>
`;
