// Jest Snapshot v1, https://goo.gl/fbAQLP

exports[`Todo Application matches a former snapshot 1`] = `
<section
  className="todo-app"
>
  <header>
    Todos
  </header>
  <div>
    <form
      onSubmit={[Function]}
    >
      <input />
      <button
        type="submit"
      >
        Add Todo
      </button>
    </form>
  </div>
  <p>
    Loading...
  </p>
</section>
`;
