// Jest Snapshot v1, https://goo.gl/fbAQLP

exports[`Todo Application matches a former snapshot 1`] = `
<section
  className="todo-app"
>
  <header>
    Todos
  </header>
  <section
    className="add-todo"
  >
    <header>
      Add A Todo
    </header>
    <form>
      <input
        name="title"
      />
      <input
        name="description"
      />
      <button
        onClick={[Function]}
        type="submit"
      >
        Add Todo
      </button>
    </form>
  </section>
  <li>
    Loading...
  </li>
</section>
`;
